// Jest Snapshot v1, https://goo.gl/fbAQLP

exports[`ColorSelector component renders ColorSelector 1`] = `
<form>
  <input
    name="color"
    onChange={[Function]}
    type="color"
  />
  <input
    name="backgroundColor"
    onChange={[Function]}
    type="color"
  />
</form>
`;
