// Jest Snapshot v1, https://goo.gl/fbAQLP

exports[`Shape component renders Shape 1`] = `
<Fragment>
  <div
    style={
      Object {
        "height": "100px",
        "width": "100px",
      }
    }
  >
    <pre
      style={
        Object {
          "backgroundColor": "blue",
          "color": "red",
        }
      }
    >
      some text
    </pre>
  </div>
</Fragment>
`;
