// Jest Snapshot v1, https://goo.gl/fbAQLP

exports[`TextSelector component renders TextSelector 1`] = `
<form>
  <input
    placeholder="what's yo name?"
    type="text"
  />
</form>
`;
